Archive member included to satisfy reference by file (symbol)

C:/ST/STM32CubeIDE_1.14.0/STM32CubeIDE/plugins/com.st.stm32cube.ide.mcu.externaltools.gnu-tools-for-stm32.11.3.rel1.win32_1.1.100.202309141235/tools/bin/../lib/gcc/arm-none-eabi/11.3.1/../../../../arm-none-eabi/lib/thumb/v7e-m+fp/hard\libc_nano.a(libc_a-exit.o)
                              C:/ST/STM32CubeIDE_1.14.0/STM32CubeIDE/plugins/com.st.stm32cube.ide.mcu.externaltools.gnu-tools-for-stm32.11.3.rel1.win32_1.1.100.202309141235/tools/bin/../lib/gcc/arm-none-eabi/11.3.1/../../../../arm-none-eabi/lib/thumb/v7e-m+fp/hard/crt0.o (exit)
C:/ST/STM32CubeIDE_1.14.0/STM32CubeIDE/plugins/com.st.stm32cube.ide.mcu.externaltools.gnu-tools-for-stm32.11.3.rel1.win32_1.1.100.202309141235/tools/bin/../lib/gcc/arm-none-eabi/11.3.1/../../../../arm-none-eabi/lib/thumb/v7e-m+fp/hard\libc_nano.a(libc_a-findfp.o)
                              C:/ST/STM32CubeIDE_1.14.0/STM32CubeIDE/plugins/com.st.stm32cube.ide.mcu.externaltools.gnu-tools-for-stm32.11.3.rel1.win32_1.1.100.202309141235/tools/bin/../lib/gcc/arm-none-eabi/11.3.1/../../../../arm-none-eabi/lib/thumb/v7e-m+fp/hard\libc_nano.a(libc_a-exit.o) (__stdio_exit_handler)
C:/ST/STM32CubeIDE_1.14.0/STM32CubeIDE/plugins/com.st.stm32cube.ide.mcu.externaltools.gnu-tools-for-stm32.11.3.rel1.win32_1.1.100.202309141235/tools/bin/../lib/gcc/arm-none-eabi/11.3.1/../../../../arm-none-eabi/lib/thumb/v7e-m+fp/hard\libc_nano.a(libc_a-fwalk.o)
                              C:/ST/STM32CubeIDE_1.14.0/STM32CubeIDE/plugins/com.st.stm32cube.ide.mcu.externaltools.gnu-tools-for-stm32.11.3.rel1.win32_1.1.100.202309141235/tools/bin/../lib/gcc/arm-none-eabi/11.3.1/../../../../arm-none-eabi/lib/thumb/v7e-m+fp/hard\libc_nano.a(libc_a-findfp.o) (_fwalk_sglue)
C:/ST/STM32CubeIDE_1.14.0/STM32CubeIDE/plugins/com.st.stm32cube.ide.mcu.externaltools.gnu-tools-for-stm32.11.3.rel1.win32_1.1.100.202309141235/tools/bin/../lib/gcc/arm-none-eabi/11.3.1/../../../../arm-none-eabi/lib/thumb/v7e-m+fp/hard\libc_nano.a(libc_a-printf.o)
                              ./Core/Src/main.o (printf)
C:/ST/STM32CubeIDE_1.14.0/STM32CubeIDE/plugins/com.st.stm32cube.ide.mcu.externaltools.gnu-tools-for-stm32.11.3.rel1.win32_1.1.100.202309141235/tools/bin/../lib/gcc/arm-none-eabi/11.3.1/../../../../arm-none-eabi/lib/thumb/v7e-m+fp/hard\libc_nano.a(libc_a-puts.o)
                              ./Core/Src/main.o (puts)
C:/ST/STM32CubeIDE_1.14.0/STM32CubeIDE/plugins/com.st.stm32cube.ide.mcu.externaltools.gnu-tools-for-stm32.11.3.rel1.win32_1.1.100.202309141235/tools/bin/../lib/gcc/arm-none-eabi/11.3.1/../../../../arm-none-eabi/lib/thumb/v7e-m+fp/hard\libc_nano.a(libc_a-stdio.o)
                              C:/ST/STM32CubeIDE_1.14.0/STM32CubeIDE/plugins/com.st.stm32cube.ide.mcu.externaltools.gnu-tools-for-stm32.11.3.rel1.win32_1.1.100.202309141235/tools/bin/../lib/gcc/arm-none-eabi/11.3.1/../../../../arm-none-eabi/lib/thumb/v7e-m+fp/hard\libc_nano.a(libc_a-findfp.o) (__sread)
C:/ST/STM32CubeIDE_1.14.0/STM32CubeIDE/plugins/com.st.stm32cube.ide.mcu.externaltools.gnu-tools-for-stm32.11.3.rel1.win32_1.1.100.202309141235/tools/bin/../lib/gcc/arm-none-eabi/11.3.1/../../../../arm-none-eabi/lib/thumb/v7e-m+fp/hard\libc_nano.a(libc_a-wbuf.o)
                              C:/ST/STM32CubeIDE_1.14.0/STM32CubeIDE/plugins/com.st.stm32cube.ide.mcu.externaltools.gnu-tools-for-stm32.11.3.rel1.win32_1.1.100.202309141235/tools/bin/../lib/gcc/arm-none-eabi/11.3.1/../../../../arm-none-eabi/lib/thumb/v7e-m+fp/hard\libc_nano.a(libc_a-puts.o) (__swbuf_r)
C:/ST/STM32CubeIDE_1.14.0/STM32CubeIDE/plugins/com.st.stm32cube.ide.mcu.externaltools.gnu-tools-for-stm32.11.3.rel1.win32_1.1.100.202309141235/tools/bin/../lib/gcc/arm-none-eabi/11.3.1/../../../../arm-none-eabi/lib/thumb/v7e-m+fp/hard\libc_nano.a(libc_a-wsetup.o)
                              C:/ST/STM32CubeIDE_1.14.0/STM32CubeIDE/plugins/com.st.stm32cube.ide.mcu.externaltools.gnu-tools-for-stm32.11.3.rel1.win32_1.1.100.202309141235/tools/bin/../lib/gcc/arm-none-eabi/11.3.1/../../../../arm-none-eabi/lib/thumb/v7e-m+fp/hard\libc_nano.a(libc_a-puts.o) (__swsetup_r)
C:/ST/STM32CubeIDE_1.14.0/STM32CubeIDE/plugins/com.st.stm32cube.ide.mcu.externaltools.gnu-tools-for-stm32.11.3.rel1.win32_1.1.100.202309141235/tools/bin/../lib/gcc/arm-none-eabi/11.3.1/../../../../arm-none-eabi/lib/thumb/v7e-m+fp/hard\libc_nano.a(libc_a-memset.o)
                              C:/ST/STM32CubeIDE_1.14.0/STM32CubeIDE/plugins/com.st.stm32cube.ide.mcu.externaltools.gnu-tools-for-stm32.11.3.rel1.win32_1.1.100.202309141235/tools/bin/../lib/gcc/arm-none-eabi/11.3.1/../../../../arm-none-eabi/lib/thumb/v7e-m+fp/hard/crt0.o (memset)
C:/ST/STM32CubeIDE_1.14.0/STM32CubeIDE/plugins/com.st.stm32cube.ide.mcu.externaltools.gnu-tools-for-stm32.11.3.rel1.win32_1.1.100.202309141235/tools/bin/../lib/gcc/arm-none-eabi/11.3.1/../../../../arm-none-eabi/lib/thumb/v7e-m+fp/hard\libc_nano.a(libc_a-closer.o)
[...]
Memory Configuration

Name             Origin             Length             Attributes
RAM              0x0000000020000000 0x0000000000020000 xrw
FLASH            0x0000000008000000 0x0000000000080000 xr
*default*        0x0000000000000000 0xffffffffffffffff

Linker script and memory map

LOAD C:/ST/STM32CubeIDE_1.14.0/STM32CubeIDE/plugins/com.st.stm32cube.ide.mcu.externaltools.gnu-tools-for-stm32.11.3.rel1.win32_1.1.100.202309141235/tools/bin/../lib/gcc/arm-none-eabi/11.3.1/thumb/v7e-m+fp/hard/crti.o
LOAD C:/ST/STM32CubeIDE_1.14.0/STM32CubeIDE/plugins/com.st.stm32cube.ide.mcu.externaltools.gnu-tools-for-stm32.11.3.rel1.win32_1.1.100.202309141235/tools/bin/../lib/gcc/arm-none-eabi/11.3.1/thumb/v7e-m+fp/hard/crtbegin.o
LOAD C:/ST/STM32CubeIDE_1.14.0/STM32CubeIDE/plugins/com.st.stm32cube.ide.mcu.externaltools.gnu-tools-for-stm32.11.3.rel1.win32_1.1.100.202309141235/tools/bin/../lib/gcc/arm-none-eabi/11.3.1/../../../../arm-none-eabi/lib/thumb/v7e-m+fp/hard/crt0.o
LOAD ./Core/Src/hancode.o
LOAD ./Core/Src/hangul.o
LOAD ./Core/Src/main.o
LOAD ./Core/Src/ssd1306.o
LOAD ./Core/Src/ssd1306_fonts.o
LOAD ./Core/Src/stm32f4xx_hal_msp.o
LOAD ./Core/Src/stm32f4xx_it.o
LOAD ./Core/Src/syscalls.o
LOAD ./Core/Src/sysmem.o
LOAD ./Core/Src/system_stm32f4xx.o
LOAD ./Core/Src/uart.o
LOAD ./Core/Startup/startup_stm32f411retx.o
LOAD ./Drivers/STM32F4xx_HAL_Driver/Src/stm32f4xx_hal.o
LOAD ./Drivers/STM32F4xx_HAL_Driver/Src/stm32f4xx_hal_adc.o
LOAD ./Drivers/STM32F4xx_HAL_Driver/Src/stm32f4xx_hal_adc_ex.o
LOAD ./Drivers/STM32F4xx_HAL_Driver/Src/stm32f4xx_hal_cortex.o
LOAD ./Drivers/STM32F4xx_HAL_Driver/Src/stm32f4xx_hal_dma.o
LOAD ./Drivers/STM32F4xx_HAL_Driver/Src/stm32f4xx_hal_dma_ex.o
LOAD ./Drivers/STM32F4xx_HAL_Driver/Src/stm32f4xx_hal_exti.o
LOAD ./Drivers/STM32F4xx_HAL_Driver/Src/stm32f4xx_hal_flash.o
LOAD ./Drivers/STM32F4xx_HAL_Driver/Src/stm32f4xx_hal_flash_ex.o
LOAD ./Drivers/STM32F4xx_HAL_Driver/Src/stm32f4xx_hal_flash_ramfunc.o
LOAD ./Drivers/STM32F4xx_HAL_Driver/Src/stm32f4xx_hal_gpio.o
LOAD ./Drivers/STM32F4xx_HAL_Driver/Src/stm32f4xx_hal_i2c.o
LOAD ./Drivers/STM32F4xx_HAL_Driver/Src/stm32f4xx_hal_i2c_ex.o
LOAD ./Drivers/STM32F4xx_HAL_Driver/Src/stm32f4xx_hal_pwr.o
LOAD ./Drivers/STM32F4xx_HAL_Driver/Src/stm32f4xx_hal_pwr_ex.o
LOAD ./Drivers/STM32F4xx_HAL_Driver/Src/stm32f4xx_hal_rcc.o
LOAD ./Drivers/STM32F4xx_HAL_Driver/Src/stm32f4xx_hal_rcc_ex.o
LOAD ./Drivers/STM32F4xx_HAL_Driver/Src/stm32f4xx_hal_tim.o
LOAD ./Drivers/STM32F4xx_HAL_Driver/Src/stm32f4xx_hal_tim_ex.o
LOAD ./Drivers/STM32F4xx_HAL_Driver/Src/stm32f4xx_hal_uart.o
LOAD ./Drivers/STM32F4xx_HAL_Driver/Src/stm32f4xx_ll_adc.o
START GROUP
LOAD C:/ST/STM32CubeIDE_1.14.0/STM32CubeIDE/plugins/com.st.stm32cube.ide.mcu.externaltools.gnu-tools-for-stm32.11.3.rel1.win32_1.1.100.202309141235/tools/bin/../lib/gcc/arm-none-eabi/11.3.1/../../../../arm-none-eabi/lib/thumb/v7e-m+fp/hard\libc_nano.a
LOAD C:/ST/STM32CubeIDE_1.14.0/STM32CubeIDE/plugins/com.st.stm32cube.ide.mcu.externaltools.gnu-tools-for-stm32.11.3.rel1.win32_1.1.100.202309141235/tools/bin/../lib/gcc/arm-none-eabi/11.3.1/../../../../arm-none-eabi/lib/thumb/v7e-m+fp/hard\libm.a
END GROUP
START GROUP
LOAD C:/ST/STM32CubeIDE_1.14.0/STM32CubeIDE/plugins/com.st.stm32cube.ide.mcu.externaltools.gnu-tools-for-stm32.11.3.rel1.win32_1.1.100.202309141235/tools/bin/../lib/gcc/arm-none-eabi/11.3.1/thumb/v7e-m+fp/hard\libgcc.a
LOAD C:/ST/STM32CubeIDE_1.14.0/STM32CubeIDE/plugins/com.st.stm32cube.ide.mcu.externaltools.gnu-tools-for-stm32.11.3.rel1.win32_1.1.100.202309141235/tools/bin/../lib/gcc/arm-none-eabi/11.3.1/../../../../arm-none-eabi/lib/thumb/v7e-m+fp/hard\libc_nano.a
END GROUP
START GROUP
LOAD C:/ST/STM32CubeIDE_1.14.0/STM32CubeIDE/plugins/com.st.stm32cube.ide.mcu.externaltools.gnu-tools-for-stm32.11.3.rel1.win32_1.1.100.202309141235/tools/bin/../lib/gcc/arm-none-eabi/11.3.1/thumb/v7e-m+fp/hard\libgcc.a
LOAD C:/ST/STM32CubeIDE_1.14.0/STM32CubeIDE/plugins/com.st.stm32cube.ide.mcu.externaltools.gnu-tools-for-stm32.11.3.rel1.win32_1.1.100.202309141235/tools/bin/../lib/gcc/arm-none-eabi/11.3.1/../../../../arm-none-eabi/lib/thumb/v7e-m+fp/hard\libc_nano.a
LOAD C:/ST/STM32CubeIDE_1.14.0/STM32CubeIDE/plugins/com.st.stm32cube.ide.mcu.externaltools.gnu-tools-for-stm32.11.3.rel1.win32_1.1.100.202309141235/tools/bin/../lib/gcc/arm-none-eabi/11.3.1/../../../../arm-none-eabi/lib/thumb/v7e-m+fp/hard\libnosys.a
END GROUP
START GROUP
LOAD C:/ST/STM32CubeIDE_1.14.0/STM32CubeIDE/plugins/com.st.stm32cube.ide.mcu.externaltools.gnu-tools-for-stm32.11.3.rel1.win32_1.1.100.202309141235/tools/bin/../lib/gcc/arm-none-eabi/11.3.1/thumb/v7e-m+fp/hard\libgcc.a
LOAD C:/ST/STM32CubeIDE_1.14.0/STM32CubeIDE/plugins/com.st.stm32cube.ide.mcu.externaltools.gnu-tools-for-stm32.11.3.rel1.win32_1.1.100.202309141235/tools/bin/../lib/gcc/arm-none-eabi/11.3.1/../../../../arm-none-eabi/lib/thumb/v7e-m+fp/hard\libc_nano.a
LOAD C:/ST/STM32CubeIDE_1.14.0/STM32CubeIDE/plugins/com.st.stm32cube.ide.mcu.externaltools.gnu-tools-for-stm32.11.3.rel1.win32_1.1.100.202309141235/tools/bin/../lib/gcc/arm-none-eabi/11.3.1/../../../../arm-none-eabi/lib/thumb/v7e-m+fp/hard\libnosys.a
END GROUP
LOAD C:/ST/STM32CubeIDE_1.14.0/STM32CubeIDE/plugins/com.st.stm32cube.ide.mcu.externaltools.gnu-tools-for-stm32.11.3.rel1.win32_1.1.100.202309141235/tools/bin/../lib/gcc/arm-none-eabi/11.3.1/thumb/v7e-m+fp/hard/crtend.o
LOAD C:/ST/STM32CubeIDE_1.14.0/STM32CubeIDE/plugins/com.st.stm32cube.ide.mcu.externaltools.gnu-tools-for-stm32.11.3.rel1.win32_1.1.100.202309141235/tools/bin/../lib/gcc/arm-none-eabi/11.3.1/thumb/v7e-m+fp/hard/crtn.o
                0x0000000020020000                _estack = (ORIGIN (RAM) + LENGTH (RAM))
                0x0000000000000200                _Min_Heap_Size = 0x200
                0x0000000000000400                _Min_Stack_Size = 0x400

.isr_vector     0x0000000008000000      0x198
                0x0000000008000000                . = ALIGN (0x4)
 *(.isr_vector)
 .isr_vector    0x0000000008000000      0x198 ./Core/Startup/startup_stm32f411retx.o
                0x0000000008000000                g_pfnVectors
                0x0000000008000198                . = ALIGN (0x4)

.text           0x0000000008000198     0x5024
                0x0000000008000198                . = ALIGN (0x4)
 *(.text)
 .text          0x0000000008000198       0x40 C:/ST/STM32CubeIDE_1.14.0/STM32CubeIDE/plugins/com.st.stm32cube.ide.mcu.externaltools.gnu-tools-for-stm32.11.3.rel1.win32_1.1.100.202309141235/tools/bin/../lib/gcc/arm-none-eabi/11.3.1/thumb/v7e-m+fp/hard/crtbegin.o
 .text          0x00000000080001d8       0x30 C:/ST/STM32CubeIDE_1.14.0/STM32CubeIDE/plugins/com.st.stm32cube.ide.mcu.externaltools.gnu-tools-for-stm32.11.3.rel1.win32_1.1.100.202309141235/tools/bin/../lib/gcc/arm-none-eabi/11.3.1/thumb/v7e-m+fp/hard\libgcc.a(_aeabi_uldivmod.o)
                0x00000000080001d8                __aeabi_uldivmod
 .text          0x0000000008000208      0x2c8 C:/ST/STM32CubeIDE_1.14.0/STM32CubeIDE/plugins/com.st.stm32cube.ide.mcu.externaltools.gnu-tools-for-stm32.11.3.rel1.win32_1.1.100.202309141235/tools/bin/../lib/gcc/arm-none-eabi/11.3.1/thumb/v7e-m+fp/hard\libgcc.a(_udivmoddi4.o)
                0x0000000008000208                __udivmoddi4
 .text          0x00000000080004d0        0x4 C:/ST/STM32CubeIDE_1.14.0/STM32CubeIDE/plugins/com.st.stm32cube.ide.mcu.externaltools.gnu-tools-for-stm32.11.3.rel1.win32_1.1.100.202309141235/tools/bin/../lib/gcc/arm-none-eabi/11.3.1/thumb/v7e-m+fp/hard\libgcc.a(_dvmd_tls.o)
                0x00000000080004d0                __aeabi_idiv0
                0x00000000080004d0                __aeabi_ldiv0
 *(.text*)
 .text.gethanimage
                0x00000000080004d4      0x1a4 ./Core/Src/hancode.o
                0x00000000080004d4                gethanimage
 .text.getascimage
                0x0000000008000678       0x60 ./Core/Src/hancode.o
                0x0000000008000678                getascimage
 .text.hconv    0x00000000080006d8      0x1f4 ./Core/Src/hancode.o
                0x00000000080006d8                hconv
 .text.shiftBit
                0x00000000080008cc       0x46 ./Core/Src/hangul.o
                0x00000000080008cc                shiftBit
 *fill*         0x0000000008000912        0x2 
 .text.outeng   0x0000000008000914      0x2ec ./Core/Src/hangul.o
                0x0000000008000914                outeng
 .text.outhan   0x0000000008000c00       0x98 ./Core/Src/hangul.o
                0x0000000008000c00                outhan
 .text.outtextxy_hans
                0x0000000008000c98       0x80 ./Core/Src/hangul.o
                0x0000000008000c98                outtextxy_hans
 .text.main     0x0000000008000d18       0xa4 ./Core/Src/main.o
                0x0000000008000d18                main
 .text.SystemClock_Config
                0x0000000008000dbc       0xd0 ./Core/Src/main.o
                0x0000000008000dbc                SystemClock_Config
 .text.MX_ADC1_Init
                0x0000000008000e8c       0xc0 ./Core/Src/main.o
 .text.MX_I2C1_Init
                0x0000000008000f4c       0x5c ./Core/Src/main.o
 .text.MX_USART2_UART_Init
                0x0000000008000fa8       0x54 ./Core/Src/main.o
 .text.MX_DMA_Init
                0x0000000008000ffc       0x40 ./Core/Src/main.o
 .text.MX_GPIO_Init
                0x000000000800103c       0x88 ./Core/Src/main.o
 .text.Error_Handler
                0x00000000080010c4        0xa ./Core/Src/main.o
                0x00000000080010c4                Error_Handler
 *fill*         0x00000000080010ce        0x2 
 .text.ssd1306_Reset
                0x00000000080010d0       0x2c ./Core/Src/ssd1306.o
                0x00000000080010d0                ssd1306_Reset
 .text.ssd1306_WriteCommand
                0x00000000080010fc       0x30 ./Core/Src/ssd1306.o
                0x00000000080010fc                ssd1306_WriteCommand
 .text.ssd1306_WriteData
                0x000000000800112c       0x34 ./Core/Src/ssd1306.o
                0x000000000800112c                ssd1306_WriteData
 .text.ssd1306_Init
                0x0000000008001160       0xd4 ./Core/Src/ssd1306.o
                0x0000000008001160                ssd1306_Init
 .text.ssd1306_ScrollLeft
                0x0000000008001234       0x58 ./Core/Src/ssd1306.o
                0x0000000008001234                ssd1306_ScrollLeft
 .text.ssd1306_Fill
                0x000000000800128c       0x48 ./Core/Src/ssd1306.o
                0x000000000800128c                ssd1306_Fill
 .text.ssd1306_UpdateScreen
                0x00000000080012d4       0x50 ./Core/Src/ssd1306.o
                0x00000000080012d4                ssd1306_UpdateScreen
 .text.ssd1306_DrawPixel
                0x0000000008001324       0xa8 ./Core/Src/ssd1306.o
                0x0000000008001324                ssd1306_DrawPixel
 .text.ssd1306_WriteChar
                0x00000000080013cc      0x110 ./Core/Src/ssd1306.o
                0x00000000080013cc                ssd1306_WriteChar
 .text.ssd1306_WriteString
                0x00000000080014dc       0x4c ./Core/Src/ssd1306.o
                0x00000000080014dc                ssd1306_WriteString
 .text.ssd1306_SetCursor
                0x0000000008001528       0x30 ./Core/Src/ssd1306.o
                0x0000000008001528                ssd1306_SetCursor
 .text.ssd1306_SetContrast
                0x0000000008001558       0x26 ./Core/Src/ssd1306.o
                0x0000000008001558                ssd1306_SetContrast
 *fill*         0x000000000800157e        0x2 
 .text.ssd1306_SetDisplayOn
                0x0000000008001580       0x3c ./Core/Src/ssd1306.o
                0x0000000008001580                ssd1306_SetDisplayOn
 .text.HAL_MspInit
                0x00000000080015bc       0x50 ./Core/Src/stm32f4xx_hal_msp.o
                0x00000000080015bc                HAL_MspInit
 .text.HAL_ADC_MspInit
                0x000000000800160c       0xf0 ./Core/Src/stm32f4xx_hal_msp.o
                0x000000000800160c                HAL_ADC_MspInit
 .text.HAL_I2C_MspInit
                0x00000000080016fc       0x90 ./Core/Src/stm32f4xx_hal_msp.o
                0x00000000080016fc                HAL_I2C_MspInit
 .text.HAL_UART_MspInit
                0x000000000800178c       0xa0 ./Core/Src/stm32f4xx_hal_msp.o
                0x000000000800178c                HAL_UART_MspInit
 .text.NMI_Handler
                0x000000000800182c        0x6 ./Core/Src/stm32f4xx_it.o
                0x000000000800182c                NMI_Handler
 .text.HardFault_Handler
                0x0000000008001832        0x6 ./Core/Src/stm32f4xx_it.o
                0x0000000008001832                HardFault_Handler
 .text.MemManage_Handler
                0x0000000008001838        0x6 ./Core/Src/stm32f4xx_it.o
                0x0000000008001838                MemManage_Handler
 .text.BusFault_Handler
                0x000000000800183e        0x6 ./Core/Src/stm32f4xx_it.o
                0x000000000800183e                BusFault_Handler
 .text.UsageFault_Handler
                0x0000000008001844        0x6 ./Core/Src/stm32f4xx_it.o
                0x0000000008001844                UsageFault_Handler
 .text.SVC_Handler
                0x000000000800184a        0xe ./Core/Src/stm32f4xx_it.o
                0x000000000800184a                SVC_Handler
 .text.DebugMon_Handler
                0x0000000008001858        0xe ./Core/Src/stm32f4xx_it.o
                0x0000000008001858                DebugMon_Handler
 .text.PendSV_Handler
                0x0000000008001866        0xe ./Core/Src/stm32f4xx_it.o
                0x0000000008001866                PendSV_Handler
 .text.SysTick_Handler
                0x0000000008001874        0xc ./Core/Src/stm32f4xx_it.o
                0x0000000008001874                SysTick_Handler
 .text.USART2_IRQHandler
                0x0000000008001880       0x14 ./Core/Src/stm32f4xx_it.o
                0x0000000008001880                USART2_IRQHandler
 .text.DMA2_Stream0_IRQHandler
                0x0000000008001894       0x14 ./Core/Src/stm32f4xx_it.o
                0x0000000008001894                DMA2_Stream0_IRQHandler
 .text.SystemInit
                0x00000000080018a8       0x24 ./Core/Src/system_stm32f4xx.o
                0x00000000080018a8                SystemInit
 .text.initUart
                0x00000000080018cc       0x2c ./Core/Src/uart.o
                0x00000000080018cc                initUart
 .text.HAL_UART_RxCpltCallback
                0x00000000080018f8       0x5c ./Core/Src/uart.o
                0x00000000080018f8                HAL_UART_RxCpltCallback
 .text.Reset_Handler
                0x0000000008001954       0x50 ./Core/Startup/startup_stm32f411retx.o
                0x0000000008001954                Reset_Handler
 .text.Default_Handler
                0x00000000080019a4        0x2 ./Core/Startup/startup_stm32f411retx.o
                0x00000000080019a4                RTC_Alarm_IRQHandler
                0x00000000080019a4                EXTI2_IRQHandler
                0x00000000080019a4                SPI4_IRQHandler
                0x00000000080019a4                TIM1_CC_IRQHandler
                0x00000000080019a4                DMA2_Stream5_IRQHandler
                0x00000000080019a4                DMA1_Stream5_IRQHandler
                0x00000000080019a4                PVD_IRQHandler
                0x00000000080019a4                SDIO_IRQHandler
                0x00000000080019a4                TAMP_STAMP_IRQHandler
                0x00000000080019a4                EXTI3_IRQHandler
                0x00000000080019a4                TIM1_UP_TIM10_IRQHandler
                0x00000000080019a4                I2C3_ER_IRQHandler
                0x00000000080019a4                EXTI0_IRQHandler
                0x00000000080019a4                I2C2_EV_IRQHandler
                0x00000000080019a4                DMA1_Stream2_IRQHandler
                0x00000000080019a4                FPU_IRQHandler
                0x00000000080019a4                DMA2_Stream2_IRQHandler
                0x00000000080019a4                SPI1_IRQHandler
                0x00000000080019a4                TIM1_BRK_TIM9_IRQHandler
                0x00000000080019a4                DMA2_Stream3_IRQHandler
                0x00000000080019a4                USART6_IRQHandler
                0x00000000080019a4                TIM4_IRQHandler
                0x00000000080019a4                I2C1_EV_IRQHandler
                0x00000000080019a4                DMA1_Stream6_IRQHandler
                0x00000000080019a4                DMA1_Stream1_IRQHandler
                0x00000000080019a4                TIM3_IRQHandler
                0x00000000080019a4                RCC_IRQHandler
                0x00000000080019a4                Default_Handler
                0x00000000080019a4                EXTI15_10_IRQHandler
                0x00000000080019a4                ADC_IRQHandler
                0x00000000080019a4                DMA1_Stream7_IRQHandler
                0x00000000080019a4                SPI5_IRQHandler
                0x00000000080019a4                TIM5_IRQHandler
                0x00000000080019a4                DMA2_Stream7_IRQHandler
                0x00000000080019a4                I2C3_EV_IRQHandler
                0x00000000080019a4                EXTI9_5_IRQHandler
                0x00000000080019a4                RTC_WKUP_IRQHandler
                0x00000000080019a4                SPI2_IRQHandler
                0x00000000080019a4                DMA1_Stream0_IRQHandler
                0x00000000080019a4                EXTI4_IRQHandler
                0x00000000080019a4                WWDG_IRQHandler
                0x00000000080019a4                TIM2_IRQHandler
                0x00000000080019a4                OTG_FS_WKUP_IRQHandler
                0x00000000080019a4                TIM1_TRG_COM_TIM11_IRQHandler
                0x00000000080019a4                EXTI1_IRQHandler
                0x00000000080019a4                I2C2_ER_IRQHandler
                0x00000000080019a4                DMA2_Stream1_IRQHandler
                0x00000000080019a4                FLASH_IRQHandler
                0x00000000080019a4                DMA2_Stream4_IRQHandler
                0x00000000080019a4                USART1_IRQHandler
                0x00000000080019a4                OTG_FS_IRQHandler
                0x00000000080019a4                SPI3_IRQHandler
                0x00000000080019a4                DMA1_Stream4_IRQHandler
                0x00000000080019a4                I2C1_ER_IRQHandler
                0x00000000080019a4                DMA2_Stream6_IRQHandler
                0x00000000080019a4                DMA1_Stream3_IRQHandler
 *fill*         0x00000000080019a6        0x2 
 .text.HAL_Init
                0x00000000080019a8       0x44 ./Drivers/STM32F4xx_HAL_Driver/Src/stm32f4xx_hal.o
                0x00000000080019a8                HAL_Init
 .text.HAL_InitTick
                0x00000000080019ec       0x60 ./Drivers/STM32F4xx_HAL_Driver/Src/stm32f4xx_hal.o
                0x00000000080019ec                HAL_InitTick
 .text.HAL_IncTick
                0x0000000008001a4c       0x28 ./Drivers/STM32F4xx_HAL_Driver/Src/stm32f4xx_hal.o
                0x0000000008001a4c                HAL_IncTick
 .text.HAL_GetTick
                0x0000000008001a74       0x18 ./Drivers/STM32F4xx_HAL_Driver/Src/stm32f4xx_hal.o
                0x0000000008001a74                HAL_GetTick
 .text.HAL_Delay
                0x0000000008001a8c       0x48 ./Drivers/STM32F4xx_HAL_Driver/Src/stm32f4xx_hal.o
                0x0000000008001a8c                HAL_Delay
 .text.HAL_ADC_Init
                0x0000000008001ad4       0x86 ./Drivers/STM32F4xx_HAL_Driver/Src/stm32f4xx_hal_adc.o
                0x0000000008001ad4                HAL_ADC_Init
 *fill*         0x0000000008001b5a        0x2 
 .text.HAL_ADC_Start_DMA
                0x0000000008001b5c      0x1e0 ./Drivers/STM32F4xx_HAL_Driver/Src/stm32f4xx_hal_adc.o
                0x0000000008001b5c                HAL_ADC_Start_DMA
 .text.HAL_ADC_ConvCpltCallback
                0x0000000008001d3c       0x14 ./Drivers/STM32F4xx_HAL_Driver/Src/stm32f4xx_hal_adc.o
                0x0000000008001d3c                HAL_ADC_ConvCpltCallback
 .text.HAL_ADC_ConvHalfCpltCallback
                0x0000000008001d50       0x14 ./Drivers/STM32F4xx_HAL_Driver/Src/stm32f4xx_hal_adc.o
                0x0000000008001d50                HAL_ADC_ConvHalfCpltCallback
 .text.HAL_ADC_ErrorCallback
                0x0000000008001d64       0x14 ./Drivers/STM32F4xx_HAL_Driver/Src/stm32f4xx_hal_adc.o
                0x0000000008001d64                HAL_ADC_ErrorCallback
 .text.HAL_ADC_ConfigChannel
                0x0000000008001d78      0x264 ./Drivers/STM32F4xx_HAL_Driver/Src/stm32f4xx_hal_adc.o
                0x0000000008001d78                HAL_ADC_ConfigChannel
 .text.ADC_Init
                0x0000000008001fdc      0x1f8 ./Drivers/STM32F4xx_HAL_Driver/Src/stm32f4xx_hal_adc.o
 .text.ADC_DMAConvCplt
                0x00000000080021d4       0xba ./Drivers/STM32F4xx_HAL_Driver/Src/stm32f4xx_hal_adc.o
 .text.ADC_DMAHalfConvCplt
                0x000000000800228e       0x1c ./Drivers/STM32F4xx_HAL_Driver/Src/stm32f4xx_hal_adc.o
 .text.ADC_DMAError
                0x00000000080022aa       0x2e ./Drivers/STM32F4xx_HAL_Driver/Src/stm32f4xx_hal_adc.o
 .text.__NVIC_SetPriorityGrouping
                0x00000000080022d8       0x48 ./Drivers/STM32F4xx_HAL_Driver/Src/stm32f4xx_hal_cortex.o
 .text.__NVIC_GetPriorityGrouping
                0x0000000008002320       0x1c ./Drivers/STM32F4xx_HAL_Driver/Src/stm32f4xx_hal_cortex.o
 .text.__NVIC_EnableIRQ
                0x000000000800233c       0x3c ./Drivers/STM32F4xx_HAL_Driver/Src/stm32f4xx_hal_cortex.o
 .text.__NVIC_SetPriority
                0x0000000008002378       0x54 ./Drivers/STM32F4xx_HAL_Driver/Src/stm32f4xx_hal_cortex.o
 .text.NVIC_EncodePriority
                0x00000000080023cc       0x66 ./Drivers/STM32F4xx_HAL_Driver/Src/stm32f4xx_hal_cortex.o
 *fill*         0x0000000008002432        0x2 
 .text.SysTick_Config
                0x0000000008002434       0x44 ./Drivers/STM32F4xx_HAL_Driver/Src/stm32f4xx_hal_cortex.o
 .text.HAL_NVIC_SetPriorityGrouping
                0x0000000008002478       0x16 ./Drivers/STM32F4xx_HAL_Driver/Src/stm32f4xx_hal_cortex.o
                0x0000000008002478                HAL_NVIC_SetPriorityGrouping
 .text.HAL_NVIC_SetPriority
                0x000000000800248e       0x38 ./Drivers/STM32F4xx_HAL_Driver/Src/stm32f4xx_hal_cortex.o
                0x000000000800248e                HAL_NVIC_SetPriority
 .text.HAL_NVIC_EnableIRQ
                0x00000000080024c6       0x1c ./Drivers/STM32F4xx_HAL_Driver/Src/stm32f4xx_hal_cortex.o
                0x00000000080024c6                HAL_NVIC_EnableIRQ
 .text.HAL_SYSTICK_Config
                0x00000000080024e2       0x18 ./Drivers/STM32F4xx_HAL_Driver/Src/stm32f4xx_hal_cortex.o
                0x00000000080024e2                HAL_SYSTICK_Config
 *fill*         0x00000000080024fa        0x2 
 .text.HAL_DMA_Init
                0x00000000080024fc      0x15c ./Drivers/STM32F4xx_HAL_Driver/Src/stm32f4xx_hal_dma.o
                0x00000000080024fc                HAL_DMA_Init
 .text.HAL_DMA_Start_IT
                0x0000000008002658       0xb0 ./Drivers/STM32F4xx_HAL_Driver/Src/stm32f4xx_hal_dma.o
                0x0000000008002658                HAL_DMA_Start_IT
 .text.HAL_DMA_Abort
                0x0000000008002708       0xe0 ./Drivers/STM32F4xx_HAL_Driver/Src/stm32f4xx_hal_dma.o
                0x0000000008002708                HAL_DMA_Abort
 .text.HAL_DMA_Abort_IT
                0x00000000080027e8       0x44 ./Drivers/STM32F4xx_HAL_Driver/Src/stm32f4xx_hal_dma.o
                0x00000000080027e8                HAL_DMA_Abort_IT
 .text.HAL_DMA_IRQHandler
                0x000000000800282c      0x314 ./Drivers/STM32F4xx_HAL_Driver/Src/stm32f4xx_hal_dma.o
                0x000000000800282c                HAL_DMA_IRQHandler
 .text.DMA_SetConfig
                0x0000000008002b40       0x5c ./Drivers/STM32F4xx_HAL_Driver/Src/stm32f4xx_hal_dma.o
 .text.DMA_CalcBaseAndBitshift
                0x0000000008002b9c       0x6c ./Drivers/STM32F4xx_HAL_Driver/Src/stm32f4xx_hal_dma.o
 .text.DMA_CheckFifoParam
                0x0000000008002c08       0xf8 ./Drivers/STM32F4xx_HAL_Driver/Src/stm32f4xx_hal_dma.o
 .text.HAL_GPIO_Init
                0x0000000008002d00      0x308 ./Drivers/STM32F4xx_HAL_Driver/Src/stm32f4xx_hal_gpio.o
                0x0000000008002d00                HAL_GPIO_Init
 .text.HAL_GPIO_WritePin
                0x0000000008003008       0x32 ./Drivers/STM32F4xx_HAL_Driver/Src/stm32f4xx_hal_gpio.o
                0x0000000008003008                HAL_GPIO_WritePin
 *fill*         0x000000000800303a        0x2 
 .text.HAL_I2C_Init
                0x000000000800303c      0x288 ./Drivers/STM32F4xx_HAL_Driver/Src/stm32f4xx_hal_i2c.o
                0x000000000800303c                HAL_I2C_Init
 .text.HAL_I2C_Mem_Write
                0x00000000080032c4      0x1f4 ./Drivers/STM32F4xx_HAL_Driver/Src/stm32f4xx_hal_i2c.o
                0x00000000080032c4                HAL_I2C_Mem_Write
 .text.I2C_RequestMemoryWrite
                0x00000000080034b8      0x12c ./Drivers/STM32F4xx_HAL_Driver/Src/stm32f4xx_hal_i2c.o
 .text.I2C_WaitOnFlagUntilTimeout
                0x00000000080035e4       0xf4 ./Drivers/STM32F4xx_HAL_Driver/Src/stm32f4xx_hal_i2c.o
 .text.I2C_WaitOnMasterAddressFlagUntilTimeout
                0x00000000080036d8      0x140 ./Drivers/STM32F4xx_HAL_Driver/Src/stm32f4xx_hal_i2c.o
 .text.I2C_WaitOnTXEFlagUntilTimeout
                0x0000000008003818       0x90 ./Drivers/STM32F4xx_HAL_Driver/Src/stm32f4xx_hal_i2c.o
 .text.I2C_WaitOnBTFFlagUntilTimeout
                0x00000000080038a8       0x90 ./Drivers/STM32F4xx_HAL_Driver/Src/stm32f4xx_hal_i2c.o
 .text.I2C_IsAcknowledgeFailed
                0x0000000008003938       0x5e ./Drivers/STM32F4xx_HAL_Driver/Src/stm32f4xx_hal_i2c.o
 *fill*         0x0000000008003996        0x2 
 .text.HAL_RCC_OscConfig
                0x0000000008003998      0x4f0 ./Drivers/STM32F4xx_HAL_Driver/Src/stm32f4xx_hal_rcc.o
                0x0000000008003998                HAL_RCC_OscConfig
 .text.HAL_RCC_ClockConfig
                0x0000000008003e88      0x1cc ./Drivers/STM32F4xx_HAL_Driver/Src/stm32f4xx_hal_rcc.o
                0x0000000008003e88                HAL_RCC_ClockConfig
 .text.HAL_RCC_GetSysClockFreq
                0x0000000008004054      0x18c ./Drivers/STM32F4xx_HAL_Driver/Src/stm32f4xx_hal_rcc.o
                0x0000000008004054                HAL_RCC_GetSysClockFreq
 .text.HAL_RCC_GetHCLKFreq
                0x00000000080041e0       0x18 ./Drivers/STM32F4xx_HAL_Driver/Src/stm32f4xx_hal_rcc.o
                0x00000000080041e0                HAL_RCC_GetHCLKFreq
 .text.HAL_RCC_GetPCLK1Freq
                0x00000000080041f8       0x28 ./Drivers/STM32F4xx_HAL_Driver/Src/stm32f4xx_hal_rcc.o
                0x00000000080041f8                HAL_RCC_GetPCLK1Freq
 .text.HAL_RCC_GetPCLK2Freq
                0x0000000008004220       0x28 ./Drivers/STM32F4xx_HAL_Driver/Src/stm32f4xx_hal_rcc.o
                0x0000000008004220                HAL_RCC_GetPCLK2Freq
 .text.HAL_UART_Init
                0x0000000008004248       0xa0 ./Drivers/STM32F4xx_HAL_Driver/Src/stm32f4xx_hal_uart.o
                0x0000000008004248                HAL_UART_Init
 .text.HAL_UART_Receive_IT
                0x00000000080042e8       0x4a ./Drivers/STM32F4xx_HAL_Driver/Src/stm32f4xx_hal_uart.o
                0x00000000080042e8                HAL_UART_Receive_IT
 *fill*         0x0000000008004332        0x2 
 .text.HAL_UART_IRQHandler
                0x0000000008004334      0x524 ./Drivers/STM32F4xx_HAL_Driver/Src/stm32f4xx_hal_uart.o
                0x0000000008004334                HAL_UART_IRQHandler
 .text.HAL_UART_TxCpltCallback
                0x0000000008004858       0x14 ./Drivers/STM32F4xx_HAL_Driver/Src/stm32f4xx_hal_uart.o
                0x0000000008004858                HAL_UART_TxCpltCallback
 .text.HAL_UART_ErrorCallback
                0x000000000800486c       0x14 ./Drivers/STM32F4xx_HAL_Driver/Src/stm32f4xx_hal_uart.o
                0x000000000800486c                HAL_UART_ErrorCallback
 .text.HAL_UARTEx_RxEventCallback
                0x0000000008004880       0x18 ./Drivers/STM32F4xx_HAL_Driver/Src/stm32f4xx_hal_uart.o
                0x0000000008004880                HAL_UARTEx_RxEventCallback
 .text.UART_Start_Receive_IT
                0x0000000008004898       0x74 ./Drivers/STM32F4xx_HAL_Driver/Src/stm32f4xx_hal_uart.o
                0x0000000008004898                UART_Start_Receive_IT
 .text.UART_EndRxTransfer
                0x000000000800490c       0xc6 ./Drivers/STM32F4xx_HAL_Driver/Src/stm32f4xx_hal_uart.o
 .text.UART_DMAAbortOnError
                0x00000000080049d2       0x28 ./Drivers/STM32F4xx_HAL_Driver/Src/stm32f4xx_hal_uart.o
 .text.UART_Transmit_IT
                0x00000000080049fa       0xa0 ./Drivers/STM32F4xx_HAL_Driver/Src/stm32f4xx_hal_uart.o
 .text.UART_EndTransmit_IT
                0x0000000008004a9a       0x30 ./Drivers/STM32F4xx_HAL_Driver/Src/stm32f4xx_hal_uart.o
 .text.UART_Receive_IT
                0x0000000008004aca      0x17c ./Drivers/STM32F4xx_HAL_Driver/Src/stm32f4xx_hal_uart.o
 *fill*         0x0000000008004c46        0x2 
 .text.UART_SetConfig
                0x0000000008004c48      0x4e8 ./Drivers/STM32F4xx_HAL_Driver/Src/stm32f4xx_hal_uart.o
 .text.memset   0x0000000008005130       0x10 C:/ST/STM32CubeIDE_1.14.0/STM32CubeIDE/plugins/com.st.stm32cube.ide.mcu.externaltools.gnu-tools-for-stm32.11.3.rel1.win32_1.1.100.202309141235/tools/bin/../lib/gcc/arm-none-eabi/11.3.1/../../../../arm-none-eabi/lib/thumb/v7e-m+fp/hard\libc_nano.a(libc_a-memset.o)
                0x0000000008005130                memset
 .text.__libc_init_array
                0x0000000008005140       0x48 C:/ST/STM32CubeIDE_1.14.0/STM32CubeIDE/plugins/com.st.stm32cube.ide.mcu.externaltools.gnu-tools-for-stm32.11.3.rel1.win32_1.1.100.202309141235/tools/bin/../lib/gcc/arm-none-eabi/11.3.1/../../../../arm-none-eabi/lib/thumb/v7e-m+fp/hard\libc_nano.a(libc_a-init.o)
                0x0000000008005140                __libc_init_array
 .text.memcpy   0x0000000008005188       0x1c C:/ST/STM32CubeIDE_1.14.0/STM32CubeIDE/plugins/com.st.stm32cube.ide.mcu.externaltools.gnu-tools-for-stm32.11.3.rel1.win32_1.1.100.202309141235/tools/bin/../lib/gcc/arm-none-eabi/11.3.1/../../../../arm-none-eabi/lib/thumb/v7e-m+fp/hard\libc_nano.a(libc_a-memcpy-stub.o)
                0x0000000008005188                memcpy
 *(.glue_7)
 .glue_7        0x00000000080051a4        0x0 linker stubs
 *(.glue_7t)
 .glue_7t       0x00000000080051a4        0x0 linker stubs
 *(.eh_frame)
 .eh_frame      0x00000000080051a4        0x0 C:/ST/STM32CubeIDE_1.14.0/STM32CubeIDE/plugins/com.st.stm32cube.ide.mcu.externaltools.gnu-tools-for-stm32.11.3.rel1.win32_1.1.100.202309141235/tools/bin/../lib/gcc/arm-none-eabi/11.3.1/thumb/v7e-m+fp/hard/crtbegin.o
 *(.init)
 .init          0x00000000080051a4        0x4 C:/ST/STM32CubeIDE_1.14.0/STM32CubeIDE/plugins/com.st.stm32cube.ide.mcu.externaltools.gnu-tools-for-stm32.11.3.rel1.win32_1.1.100.202309141235/tools/bin/../lib/gcc/arm-none-eabi/11.3.1/thumb/v7e-m+fp/hard/crti.o
                0x00000000080051a4                _init
 .init          0x00000000080051a8        0x8 C:/ST/STM32CubeIDE_1.14.0/STM32CubeIDE/plugins/com.st.stm32cube.ide.mcu.externaltools.gnu-tools-for-stm32.11.3.rel1.win32_1.1.100.202309141235/tools/bin/../lib/gcc/arm-none-eabi/11.3.1/thumb/v7e-m+fp/hard/crtn.o
 *(.fini)
 .fini          0x00000000080051b0        0x4 C:/ST/STM32CubeIDE_1.14.0/STM32CubeIDE/plugins/com.st.stm32cube.ide.mcu.externaltools.gnu-tools-for-stm32.11.3.rel1.win32_1.1.100.202309141235/tools/bin/../lib/gcc/arm-none-eabi/11.3.1/thumb/v7e-m+fp/hard/crti.o
                0x00000000080051b0                _fini
 .fini          0x00000000080051b4        0x8 C:/ST/STM32CubeIDE_1.14.0/STM32CubeIDE/plugins/com.st.stm32cube.ide.mcu.externaltools.gnu-tools-for-stm32.11.3.rel1.win32_1.1.100.202309141235/tools/bin/../lib/gcc/arm-none-eabi/11.3.1/thumb/v7e-m+fp/hard/crtn.o
                0x00000000080051bc                . = ALIGN (0x4)
                0x00000000080051bc                _etext = .

.vfp11_veneer   0x00000000080051bc        0x0
 .vfp11_veneer  0x00000000080051bc        0x0 linker stubs

.v4_bx          0x00000000080051bc        0x0
 .v4_bx         0x00000000080051bc        0x0 linker stubs

.iplt           0x00000000080051bc        0x0
 .iplt          0x00000000080051bc        0x0 C:/ST/STM32CubeIDE_1.14.0/STM32CubeIDE/plugins/com.st.stm32cube.ide.mcu.externaltools.gnu-tools-for-stm32.11.3.rel1.win32_1.1.100.202309141235/tools/bin/../lib/gcc/arm-none-eabi/11.3.1/thumb/v7e-m+fp/hard/crtbegin.o

.rodata         0x00000000080051bc     0x56ac
                0x00000000080051bc                . = ALIGN (0x4)
 *(.rodata)
 .rodata        0x00000000080051bc       0x3c ./Core/Src/main.o
 *(.rodata*)
 .rodata.KS_Table
                0x00000000080051f8     0x125c ./Core/Src/hancode.o
                0x00000000080051f8                KS_Table
 .rodata.table  0x0000000008006454       0x60 ./Core/Src/hancode.o
                0x0000000008006454                table
 .rodata.fsttable
                0x00000000080064b4       0x28 ./Core/Src/hancode.o
                0x00000000080064b4                fsttable
 .rodata.midtable
                0x00000000080064dc       0x42 ./Core/Src/hancode.o
                0x00000000080064dc                midtable
 *fill*         0x000000000800651e        0x2 
 .rodata.HAN1   0x0000000008006520     0x1400 ./Core/Src/hancode.o
                0x0000000008006520                HAN1
 .rodata.HAN2   0x0000000008007920      0xb00 ./Core/Src/hancode.o
                0x0000000008007920                HAN2
 .rodata.HAN3   0x0000000008008420      0xe00 ./Core/Src/hancode.o
                0x0000000008008420                HAN3
 .rodata.eng_font2
                0x0000000008009220     0x1000 ./Core/Src/hancode.o
                0x0000000008009220                eng_font2
 .rodata.hello  0x000000000800a220        0xb ./Core/Src/main.o
                0x000000000800a220                hello
 *fill*         0x000000000800a22b        0x1 
 .rodata.string2
                0x000000000800a22c        0x9 ./Core/Src/main.o
                0x000000000800a22c                string2
 *fill*         0x000000000800a235        0x3 
 .rodata.string3
                0x000000000800a238        0xd ./Core/Src/main.o
                0x000000000800a238                string3
 *fill*         0x000000000800a245        0x3 
 .rodata.string4
                0x000000000800a248        0xf ./Core/Src/main.o
                0x000000000800a248                string4
 *fill*         0x000000000800a257        0x1 
 .rodata.Font6x8
                0x000000000800a258      0x5f0 ./Core/Src/ssd1306_fonts.o
 .rodata.AHBPrescTable
                0x000000000800a848       0x10 ./Core/Src/system_stm32f4xx.o
                0x000000000800a848                AHBPrescTable
 .rodata.APBPrescTable
                0x000000000800a858        0x8 ./Core/Src/system_stm32f4xx.o
                0x000000000800a858                APBPrescTable
 .rodata.flagBitshiftOffset.0
                0x000000000800a860        0x8 ./Drivers/STM32F4xx_HAL_Driver/Src/stm32f4xx_hal_dma.o
                0x000000000800a868                . = ALIGN (0x4)

.ARM.extab      0x000000000800a868        0x0
                0x000000000800a868                . = ALIGN (0x4)
 *(.ARM.extab* .gnu.linkonce.armextab.*)
                0x000000000800a868                . = ALIGN (0x4)

.ARM            0x000000000800a868        0x8
                0x000000000800a868                . = ALIGN (0x4)
                0x000000000800a868                __exidx_start = .
 *(.ARM.exidx*)
 .ARM.exidx     0x000000000800a868        0x8 C:/ST/STM32CubeIDE_1.14.0/STM32CubeIDE/plugins/com.st.stm32cube.ide.mcu.externaltools.gnu-tools-for-stm32.11.3.rel1.win32_1.1.100.202309141235/tools/bin/../lib/gcc/arm-none-eabi/11.3.1/thumb/v7e-m+fp/hard\libgcc.a(_udivmoddi4.o)
                0x000000000800a870                __exidx_end = .
                0x000000000800a870                . = ALIGN (0x4)

.rel.dyn        0x000000000800a870        0x0
 .rel.iplt      0x000000000800a870        0x0 C:/ST/STM32CubeIDE_1.14.0/STM32CubeIDE/plugins/com.st.stm32cube.ide.mcu.externaltools.gnu-tools-for-stm32.11.3.rel1.win32_1.1.100.202309141235/tools/bin/../lib/gcc/arm-none-eabi/11.3.1/thumb/v7e-m+fp/hard/crtbegin.o

.preinit_array  0x000000000800a870        0x0
                0x000000000800a870                . = ALIGN (0x4)
                0x000000000800a870                PROVIDE (__preinit_array_start = .)
 *(.preinit_array*)
                0x000000000800a870                PROVIDE (__preinit_array_end = .)
                0x000000000800a870                . = ALIGN (0x4)

.init_array     0x000000000800a870        0x4
                0x000000000800a870                . = ALIGN (0x4)
                0x000000000800a870                PROVIDE (__init_array_start = .)
 *(SORT_BY_NAME(.init_array.*))
 *(.init_array*)
 .init_array    0x000000000800a870        0x4 C:/ST/STM32CubeIDE_1.14.0/STM32CubeIDE/plugins/com.st.stm32cube.ide.mcu.externaltools.gnu-tools-for-stm32.11.3.rel1.win32_1.1.100.202309141235/tools/bin/../lib/gcc/arm-none-eabi/11.3.1/thumb/v7e-m+fp/hard/crtbegin.o
                0x000000000800a874                PROVIDE (__init_array_end = .)
                0x000000000800a874                . = ALIGN (0x4)

.fini_array     0x000000000800a874        0x4
                0x000000000800a874                . = ALIGN (0x4)
                [!provide]                        PROVIDE (__fini_array_start = .)
 *(SORT_BY_NAME(.fini_array.*))
 *(.fini_array*)
 .fini_array    0x000000000800a874        0x4 C:/ST/STM32CubeIDE_1.14.0/STM32CubeIDE/plugins/com.st.stm32cube.ide.mcu.externaltools.gnu-tools-for-stm32.11.3.rel1.win32_1.1.100.202309141235/tools/bin/../lib/gcc/arm-none-eabi/11.3.1/thumb/v7e-m+fp/hard/crtbegin.o
                [!provide]                        PROVIDE (__fini_array_end = .)
                0x000000000800a878                . = ALIGN (0x4)
                0x000000000800a878                _sidata = LOADADDR (.data)

.data           0x0000000020000000       0x14 load address 0x000000000800a878
                0x0000000020000000                . = ALIGN (0x4)
                0x0000000020000000                _sdata = .
 *(.data)
 *(.data*)
 .data.Font_6x8
                0x0000000020000000        0x8 ./Core/Src/ssd1306_fonts.o
                0x0000000020000000                Font_6x8
 .data.SystemCoreClock
                0x0000000020000008        0x4 ./Core/Src/system_stm32f4xx.o
                0x0000000020000008                SystemCoreClock
 .data.uwTickPrio
                0x000000002000000c        0x4 ./Drivers/STM32F4xx_HAL_Driver/Src/stm32f4xx_hal.o
                0x000000002000000c                uwTickPrio
 .data.uwTickFreq
                0x0000000020000010        0x1 ./Drivers/STM32F4xx_HAL_Driver/Src/stm32f4xx_hal.o
                0x0000000020000010                uwTickFreq
 *(.RamFunc)
 *(.RamFunc*)
                0x0000000020000014                . = ALIGN (0x4)
 *fill*         0x0000000020000011        0x3 
                0x0000000020000014                _edata = .

.igot.plt       0x0000000020000014        0x0 load address 0x000000000800a88c
 .igot.plt      0x0000000020000014        0x0 C:/ST/STM32CubeIDE_1.14.0/STM32CubeIDE/plugins/com.st.stm32cube.ide.mcu.externaltools.gnu-tools-for-stm32.11.3.rel1.win32_1.1.100.202309141235/tools/bin/../lib/gcc/arm-none-eabi/11.3.1/thumb/v7e-m+fp/hard/crtbegin.o
                0x0000000020000014                . = ALIGN (0x4)

.bss            0x0000000020000014      0x6a4 load address 0x000000000800a88c
                0x0000000020000014                _sbss = .
                0x0000000020000014                __bss_start__ = _sbss
 *(.bss)
 .bss           0x0000000020000014       0x1c C:/ST/STM32CubeIDE_1.14.0/STM32CubeIDE/plugins/com.st.stm32cube.ide.mcu.externaltools.gnu-tools-for-stm32.11.3.rel1.win32_1.1.100.202309141235/tools/bin/../lib/gcc/arm-none-eabi/11.3.1/thumb/v7e-m+fp/hard/crtbegin.o
 *(.bss*)
 .bss.HBUF      0x0000000020000030       0x20 ./Core/Src/hancode.o
                0x0000000020000030                HBUF
 .bss.EBUF      0x0000000020000050       0x10 ./Core/Src/hancode.o
                0x0000000020000050                EBUF
 .bss.hadc1     0x0000000020000060       0x48 ./Core/Src/main.o
                0x0000000020000060                hadc1
 .bss.hdma_adc1
                0x00000000200000a8       0x60 ./Core/Src/main.o
                0x00000000200000a8                hdma_adc1
 .bss.hi2c1     0x0000000020000108       0x54 ./Core/Src/main.o
                0x0000000020000108                hi2c1
 .bss.huart2    0x000000002000015c       0x48 ./Core/Src/main.o
                0x000000002000015c                huart2
 .bss.SSD1306_Buffer
                0x00000000200001a4      0x400 ./Core/Src/ssd1306.o
                0x00000000200001a4                SSD1306_Buffer
 .bss.SSD1306   0x00000000200005a4        0x6 ./Core/Src/ssd1306.o
 *fill*         0x00000000200005aa        0x2 
 .bss.huart     0x00000000200005ac        0x4 ./Core/Src/uart.o
                0x00000000200005ac                huart
 .bss.rxBufferPp
                0x00000000200005b0        0x4 ./Core/Src/uart.o
                0x00000000200005b0                rxBufferPp
 .bss.rxBuffer  0x00000000200005b4       0xff ./Core/Src/uart.o
                0x00000000200005b4                rxBuffer
 .bss.rxChar    0x00000000200006b3        0x1 ./Core/Src/uart.o
                0x00000000200006b3                rxChar
 .bss.uwTick    0x00000000200006b4        0x4 ./Drivers/STM32F4xx_HAL_Driver/Src/stm32f4xx_hal.o
                0x00000000200006b4                uwTick
 *(COMMON)
                0x00000000200006b8                . = ALIGN (0x4)
                0x00000000200006b8                _ebss = .
                0x00000000200006b8                __bss_end__ = _ebss

._user_heap_stack
                0x00000000200006b8      0x600 load address 0x000000000800a88c
                0x00000000200006b8                . = ALIGN (0x8)
                [!provide]                        PROVIDE (end = .)
                0x00000000200006b8                PROVIDE (_end = .)
                0x00000000200008b8                . = (. + _Min_Heap_Size)
 *fill*         0x00000000200006b8      0x200 
                0x0000000020000cb8                . = (. + _Min_Stack_Size)
 *fill*         0x00000000200008b8      0x400 
                0x0000000020000cb8                . = ALIGN (0x8)

/DISCARD/
 libc.a(*)
 libm.a(*)
 libgcc.a(*)

.ARM.attributes
                0x0000000000000000       0x30
 *(.ARM.attributes)
 .ARM.attributes
                0x0000000000000000       0x1e C:/ST/STM32CubeIDE_1.14.0/STM32CubeIDE/plugins/com.st.stm32cube.ide.mcu.externaltools.gnu-tools-for-stm32.11.3.rel1.win32_1.1.100.202309141235/tools/bin/../lib/gcc/arm-none-eabi/11.3.1/thumb/v7e-m+fp/hard/crti.o
 .ARM.attributes
                0x000000000000001e       0x34 C:/ST/STM32CubeIDE_1.14.0/STM32CubeIDE/plugins/com.st.stm32cube.ide.mcu.externaltools.gnu-tools-for-stm32.11.3.rel1.win32_1.1.100.202309141235/tools/bin/../lib/gcc/arm-none-eabi/11.3.1/thumb/v7e-m+fp/hard/crtbegin.o
 .ARM.attributes
                0x0000000000000052       0x34 ./Core/Src/hancode.o
 .ARM.attributes
                0x0000000000000086       0x34 ./Core/Src/hangul.o
 .ARM.attributes
                0x00000000000000ba       0x34 ./Core/Src/main.o
 .ARM.attributes
                0x00000000000000ee       0x34 ./Core/Src/ssd1306.o
 .ARM.attributes
                0x0000000000000122       0x34 ./Core/Src/ssd1306_fonts.o
 .ARM.attributes
                0x0000000000000156       0x34 ./Core/Src/stm32f4xx_hal_msp.o
 .ARM.attributes
                0x000000000000018a       0x34 ./Core/Src/stm32f4xx_it.o
 .ARM.attributes
                0x00000000000001be       0x34 ./Core/Src/system_stm32f4xx.o
 .ARM.attributes
                0x00000000000001f2       0x34 ./Core/Src/uart.o
 .ARM.attributes
                0x0000000000000226       0x21 ./Core/Startup/startup_stm32f411retx.o
 .ARM.attributes
                0x0000000000000247       0x34 ./Drivers/STM32F4xx_HAL_Driver/Src/stm32f4xx_hal.o
 .ARM.attributes
                0x000000000000027b       0x34 ./Drivers/STM32F4xx_HAL_Driver/Src/stm32f4xx_hal_adc.o
 .ARM.attributes
                0x00000000000002af       0x34 ./Drivers/STM32F4xx_HAL_Driver/Src/stm32f4xx_hal_cortex.o
 .ARM.attributes
                0x00000000000002e3       0x34 ./Drivers/STM32F4xx_HAL_Driver/Src/stm32f4xx_hal_dma.o
 .ARM.attributes
                0x0000000000000317       0x34 ./Drivers/STM32F4xx_HAL_Driver/Src/stm32f4xx_hal_gpio.o
 .ARM.attributes
                0x000000000000034b       0x34 ./Drivers/STM32F4xx_HAL_Driver/Src/stm32f4xx_hal_i2c.o
 .ARM.attributes
                0x000000000000037f       0x34 ./Drivers/STM32F4xx_HAL_Driver/Src/stm32f4xx_hal_rcc.o
 .ARM.attributes
                0x00000000000003b3       0x34 ./Drivers/STM32F4xx_HAL_Driver/Src/stm32f4xx_hal_uart.o
 .ARM.attributes
                0x00000000000003e7       0x34 C:/ST/STM32CubeIDE_1.14.0/STM32CubeIDE/plugins/com.st.stm32cube.ide.mcu.externaltools.gnu-tools-for-stm32.11.3.rel1.win32_1.1.100.202309141235/tools/bin/../lib/gcc/arm-none-eabi/11.3.1/../../../../arm-none-eabi/lib/thumb/v7e-m+fp/hard\libc_nano.a(libc_a-memset.o)
 .ARM.attributes
                0x000000000000041b       0x34 C:/ST/STM32CubeIDE_1.14.0/STM32CubeIDE/plugins/com.st.stm32cube.ide.mcu.externaltools.gnu-tools-for-stm32.11.3.rel1.win32_1.1.100.202309141235/tools/bin/../lib/gcc/arm-none-eabi/11.3.1/../../../../arm-none-eabi/lib/thumb/v7e-m+fp/hard\libc_nano.a(libc_a-init.o)
 .ARM.attributes
                0x000000000000044f       0x34 C:/ST/STM32CubeIDE_1.14.0/STM32CubeIDE/plugins/com.st.stm32cube.ide.mcu.externaltools.gnu-tools-for-stm32.11.3.rel1.win32_1.1.100.202309141235/tools/bin/../lib/gcc/arm-none-eabi/11.3.1/../../../../arm-none-eabi/lib/thumb/v7e-m+fp/hard\libc_nano.a(libc_a-memcpy-stub.o)
 .ARM.attributes
                0x0000000000000483       0x1e C:/ST/STM32CubeIDE_1.14.0/STM32CubeIDE/plugins/com.st.stm32cube.ide.mcu.externaltools.gnu-tools-for-stm32.11.3.rel1.win32_1.1.100.202309141235/tools/bin/../lib/gcc/arm-none-eabi/11.3.1/thumb/v7e-m+fp/hard\libgcc.a(_aeabi_uldivmod.o)
 .ARM.attributes
                0x00000000000004a1       0x34 C:/ST/STM32CubeIDE_1.14.0/STM32CubeIDE/plugins/com.st.stm32cube.ide.mcu.externaltools.gnu-tools-for-stm32.11.3.rel1.win32_1.1.100.202309141235/tools/bin/../lib/gcc/arm-none-eabi/11.3.1/thumb/v7e-m+fp/hard\libgcc.a(_udivmoddi4.o)
 .ARM.attributes
                0x00000000000004d5       0x1e C:/ST/STM32CubeIDE_1.14.0/STM32CubeIDE/plugins/com.st.stm32cube.ide.mcu.externaltools.gnu-tools-for-stm32.11.3.rel1.win32_1.1.100.202309141235/tools/bin/../lib/gcc/arm-none-eabi/11.3.1/thumb/v7e-m+fp/hard\libgcc.a(_dvmd_tls.o)
 .ARM.attributes
                0x00000000000004f3       0x1e C:/ST/STM32CubeIDE_1.14.0/STM32CubeIDE/plugins/com.st.stm32cube.ide.mcu.externaltools.gnu-tools-for-stm32.11.3.rel1.win32_1.1.100.202309141235/tools/bin/../lib/gcc/arm-none-eabi/11.3.1/thumb/v7e-m+fp/hard/crtn.o
OUTPUT(ssd1306.elf elf32-littlearm)
LOAD linker stubs
LOAD C:/ST/STM32CubeIDE_1.14.0/STM32CubeIDE/plugins/com.st.stm32cube.ide.mcu.externaltools.gnu-tools-for-stm32.11.3.rel1.win32_1.1.100.202309141235/tools/bin/../lib/gcc/arm-none-eabi/11.3.1/../../../../arm-none-eabi/lib/thumb/v7e-m+fp/hard\libc.a
LOAD C:/ST/STM32CubeIDE_1.14.0/STM32CubeIDE/plugins/com.st.stm32cube.ide.mcu.externaltools.gnu-tools-for-stm32.11.3.rel1.win32_1.1.100.202309141235/tools/bin/../lib/gcc/arm-none-eabi/11.3.1/../../../../arm-none-eabi/lib/thumb/v7e-m+fp/hard\libm.a
LOAD C:/ST/STM32CubeIDE_1.14.0/STM32CubeIDE/plugins/com.st.stm32cube.ide.mcu.externaltools.gnu-tools-for-stm32.11.3.rel1.win32_1.1.100.202309141235/tools/bin/../lib/gcc/arm-none-eabi/11.3.1/thumb/v7e-m+fp/hard\libgcc.a

.comment        0x0000000000000000       0x43
 .comment       0x0000000000000000       0x43 C:/ST/STM32CubeIDE_1.14.0/STM32CubeIDE/plugins/com.st.stm32cube.ide.mcu.externaltools.gnu-tools-for-stm32.11.3.rel1.win32_1.1.100.202309141235/tools/bin/../lib/gcc/arm-none-eabi/11.3.1/thumb/v7e-m+fp/hard/crtbegin.o
                                         0x44 (size before relaxing)
 .comment       0x0000000000000043       0x44 ./Core/Src/hancode.o
 .comment       0x0000000000000043       0x44 ./Core/Src/hangul.o
 .comment       0x0000000000000043       0x44 ./Core/Src/main.o
 .comment       0x0000000000000043       0x44 ./Core/Src/ssd1306.o
 .comment       0x0000000000000043       0x44 ./Core/Src/ssd1306_fonts.o
 .comment       0x0000000000000043       0x44 ./Core/Src/stm32f4xx_hal_msp.o
 .comment       0x0000000000000043       0x44 ./Core/Src/stm32f4xx_it.o
 .comment       0x0000000000000043       0x44 ./Core/Src/system_stm32f4xx.o
 .comment       0x0000000000000043       0x44 ./Core/Src/uart.o
 .comment       0x0000000000000043       0x44 ./Drivers/STM32F4xx_HAL_Driver/Src/stm32f4xx_hal.o
 .comment       0x0000000000000043       0x44 ./Drivers/STM32F4xx_HAL_Driver/Src/stm32f4xx_hal_adc.o
 .comment       0x0000000000000043       0x44 ./Drivers/STM32F4xx_HAL_Driver/Src/stm32f4xx_hal_cortex.o
 .comment       0x0000000000000043       0x44 ./Drivers/STM32F4xx_HAL_Driver/Src/stm32f4xx_hal_dma.o
 .comment       0x0000000000000043       0x44 ./Drivers/STM32F4xx_HAL_Driver/Src/stm32f4xx_hal_gpio.o
 .comment       0x0000000000000043       0x44 ./Drivers/STM32F4xx_HAL_Driver/Src/stm32f4xx_hal_i2c.o
 .comment       0x0000000000000043       0x44 ./Drivers/STM32F4xx_HAL_Driver/Src/stm32f4xx_hal_rcc.o
 .comment       0x0000000000000043       0x44 ./Drivers/STM32F4xx_HAL_Driver/Src/stm32f4xx_hal_uart.o

.debug_info     0x0000000000000000     0xe64e
 .debug_info    0x0000000000000000      0x44d ./Core/Src/hancode.o
 .debug_info    0x000000000000044d      0x4b0 ./Core/Src/hangul.o
 .debug_info    0x00000000000008fd     0x17a9 ./Core/Src/main.o
 .debug_info    0x00000000000020a6     0x10cb ./Core/Src/ssd1306.o
 .debug_info    0x0000000000003171      0x1da ./Core/Src/ssd1306_fonts.o
 .debug_info    0x000000000000334b     0x117e ./Core/Src/stm32f4xx_hal_msp.o
 .debug_info    0x00000000000044c9      0x66d ./Core/Src/stm32f4xx_it.o
 .debug_info    0x0000000000004b36      0x53e ./Core/Src/system_stm32f4xx.o
 .debug_info    0x0000000000005074      0x70e ./Core/Src/uart.o
 .debug_info    0x0000000000005782       0x23 ./Core/Startup/startup_stm32f411retx.o
 .debug_info    0x00000000000057a5      0x8c4 ./Drivers/STM32F4xx_HAL_Driver/Src/stm32f4xx_hal.o
 .debug_info    0x0000000000006069      0xcd1 ./Drivers/STM32F4xx_HAL_Driver/Src/stm32f4xx_hal_adc.o
 .debug_info    0x0000000000006d3a      0xcc7 ./Drivers/STM32F4xx_HAL_Driver/Src/stm32f4xx_hal_cortex.o
 .debug_info    0x0000000000007a01      0x8e6 ./Drivers/STM32F4xx_HAL_Driver/Src/stm32f4xx_hal_dma.o
 .debug_info    0x00000000000082e7      0x6f9 ./Drivers/STM32F4xx_HAL_Driver/Src/stm32f4xx_hal_gpio.o
 .debug_info    0x00000000000089e0     0x2426 ./Drivers/STM32F4xx_HAL_Driver/Src/stm32f4xx_hal_i2c.o
 .debug_info    0x000000000000ae06      0x8f2 ./Drivers/STM32F4xx_HAL_Driver/Src/stm32f4xx_hal_rcc.o
 .debug_info    0x000000000000b6f8     0x2f56 ./Drivers/STM32F4xx_HAL_Driver/Src/stm32f4xx_hal_uart.o

.debug_abbrev   0x0000000000000000     0x251b
 .debug_abbrev  0x0000000000000000      0x101 ./Core/Src/hancode.o
 .debug_abbrev  0x0000000000000101      0x1ba ./Core/Src/hangul.o
 .debug_abbrev  0x00000000000002bb      0x344 ./Core/Src/main.o
 .debug_abbrev  0x00000000000005ff      0x380 ./Core/Src/ssd1306.o
 .debug_abbrev  0x000000000000097f       0xc4 ./Core/Src/ssd1306_fonts.o
 .debug_abbrev  0x0000000000000a43      0x236 ./Core/Src/stm32f4xx_hal_msp.o
 .debug_abbrev  0x0000000000000c79      0x183 ./Core/Src/stm32f4xx_it.o
 .debug_abbrev  0x0000000000000dfc      0x11a ./Core/Src/system_stm32f4xx.o
 .debug_abbrev  0x0000000000000f16      0x1f2 ./Core/Src/uart.o
 .debug_abbrev  0x0000000000001108       0x12 ./Core/Startup/startup_stm32f411retx.o
 .debug_abbrev  0x000000000000111a      0x24b ./Drivers/STM32F4xx_HAL_Driver/Src/stm32f4xx_hal.o
 .debug_abbrev  0x0000000000001365      0x20e ./Drivers/STM32F4xx_HAL_Driver/Src/stm32f4xx_hal_adc.o
 .debug_abbrev  0x0000000000001573      0x328 ./Drivers/STM32F4xx_HAL_Driver/Src/stm32f4xx_hal_cortex.o
 .debug_abbrev  0x000000000000189b      0x221 ./Drivers/STM32F4xx_HAL_Driver/Src/stm32f4xx_hal_dma.o
 .debug_abbrev  0x0000000000001abc      0x1d3 ./Drivers/STM32F4xx_HAL_Driver/Src/stm32f4xx_hal_gpio.o
 .debug_abbrev  0x0000000000001c8f      0x2bc ./Drivers/STM32F4xx_HAL_Driver/Src/stm32f4xx_hal_i2c.o
 .debug_abbrev  0x0000000000001f4b      0x2b5 ./Drivers/STM32F4xx_HAL_Driver/Src/stm32f4xx_hal_rcc.o
 .debug_abbrev  0x0000000000002200      0x31b ./Drivers/STM32F4xx_HAL_Driver/Src/stm32f4xx_hal_uart.o

.debug_aranges  0x0000000000000000      0xc80
 .debug_aranges
                0x0000000000000000       0x40 ./Core/Src/hancode.o
 .debug_aranges
                0x0000000000000040       0x58 ./Core/Src/hangul.o
 .debug_aranges
                0x0000000000000098       0x80 ./Core/Src/main.o
 .debug_aranges
                0x0000000000000118       0xf0 ./Core/Src/ssd1306.o
 .debug_aranges
                0x0000000000000208       0x18 ./Core/Src/ssd1306_fonts.o
 .debug_aranges
                0x0000000000000220       0x50 ./Core/Src/stm32f4xx_hal_msp.o
 .debug_aranges
                0x0000000000000270       0x70 ./Core/Src/stm32f4xx_it.o
 .debug_aranges
                0x00000000000002e0       0x28 ./Core/Src/system_stm32f4xx.o
 .debug_aranges
                0x0000000000000308       0x38 ./Core/Src/uart.o
 .debug_aranges
                0x0000000000000340       0x28 ./Core/Startup/startup_stm32f411retx.o
 .debug_aranges
                0x0000000000000368       0xf0 ./Drivers/STM32F4xx_HAL_Driver/Src/stm32f4xx_hal.o
 .debug_aranges
                0x0000000000000458       0xe8 ./Drivers/STM32F4xx_HAL_Driver/Src/stm32f4xx_hal_adc.o
 .debug_aranges
                0x0000000000000540      0x120 ./Drivers/STM32F4xx_HAL_Driver/Src/stm32f4xx_hal_cortex.o
 .debug_aranges
                0x0000000000000660       0x90 ./Drivers/STM32F4xx_HAL_Driver/Src/stm32f4xx_hal_dma.o
 .debug_aranges
                0x00000000000006f0       0x58 ./Drivers/STM32F4xx_HAL_Driver/Src/stm32f4xx_hal_gpio.o
 .debug_aranges
                0x0000000000000748      0x2a8 ./Drivers/STM32F4xx_HAL_Driver/Src/stm32f4xx_hal_i2c.o
 .debug_aranges
                0x00000000000009f0       0x88 ./Drivers/STM32F4xx_HAL_Driver/Src/stm32f4xx_hal_rcc.o
 .debug_aranges
                0x0000000000000a78      0x208 ./Drivers/STM32F4xx_HAL_Driver/Src/stm32f4xx_hal_uart.o

.debug_rnglists
                0x0000000000000000      0x9a9
 .debug_rnglists
                0x0000000000000000       0x2d ./Core/Src/hancode.o
 .debug_rnglists
                0x000000000000002d       0x41 ./Core/Src/hangul.o
 .debug_rnglists
                0x000000000000006e       0x5f ./Core/Src/main.o
 .debug_rnglists
                0x00000000000000cd       0xb6 ./Core/Src/ssd1306.o
 .debug_rnglists
                0x0000000000000183       0x3a ./Core/Src/stm32f4xx_hal_msp.o
 .debug_rnglists
                0x00000000000001bd       0x4f ./Core/Src/stm32f4xx_it.o
 .debug_rnglists
                0x000000000000020c       0x1a ./Core/Src/system_stm32f4xx.o
 .debug_rnglists
                0x0000000000000226       0x25 ./Core/Src/uart.o
 .debug_rnglists
                0x000000000000024b       0x19 ./Core/Startup/startup_stm32f411retx.o
 .debug_rnglists
                0x0000000000000264       0xaf ./Drivers/STM32F4xx_HAL_Driver/Src/stm32f4xx_hal.o
 .debug_rnglists
                0x0000000000000313       0xb5 ./Drivers/STM32F4xx_HAL_Driver/Src/stm32f4xx_hal_adc.o
 .debug_rnglists
                0x00000000000003c8       0xd4 ./Drivers/STM32F4xx_HAL_Driver/Src/stm32f4xx_hal_cortex.o
 .debug_rnglists
                0x000000000000049c       0x70 ./Drivers/STM32F4xx_HAL_Driver/Src/stm32f4xx_hal_dma.o
 .debug_rnglists
                0x000000000000050c       0x3f ./Drivers/STM32F4xx_HAL_Driver/Src/stm32f4xx_hal_gpio.o
 .debug_rnglists
                0x000000000000054b      0x23c ./Drivers/STM32F4xx_HAL_Driver/Src/stm32f4xx_hal_i2c.o
 .debug_rnglists
                0x0000000000000787       0x66 ./Drivers/STM32F4xx_HAL_Driver/Src/stm32f4xx_hal_rcc.o
 .debug_rnglists
                0x00000000000007ed      0x1bc ./Drivers/STM32F4xx_HAL_Driver/Src/stm32f4xx_hal_uart.o

.debug_macro    0x0000000000000000    0x17b93
 .debug_macro   0x0000000000000000      0x227 ./Core/Src/hancode.o
 .debug_macro   0x0000000000000227      0xaa8 ./Core/Src/hancode.o
 .debug_macro   0x0000000000000ccf      0x2a1 ./Core/Src/hancode.o
 .debug_macro   0x0000000000000f70       0x2e ./Core/Src/hancode.o
 .debug_macro   0x0000000000000f9e       0x28 ./Core/Src/hancode.o
 .debug_macro   0x0000000000000fc6       0x22 ./Core/Src/hancode.o
 .debug_macro   0x0000000000000fe8       0x8e ./Core/Src/hancode.o
 .debug_macro   0x0000000000001076       0x51 ./Core/Src/hancode.o
 .debug_macro   0x00000000000010c7      0x103 ./Core/Src/hancode.o
 .debug_macro   0x00000000000011ca       0x6a ./Core/Src/hancode.o
 .debug_macro   0x0000000000001234      0x1df ./Core/Src/hancode.o
 .debug_macro   0x0000000000001413       0x1c ./Core/Src/hancode.o
 .debug_macro   0x000000000000142f       0x22 ./Core/Src/hancode.o
 .debug_macro   0x0000000000001451       0xfb ./Core/Src/hancode.o
 .debug_macro   0x000000000000154c     0x1011 ./Core/Src/hancode.o
 .debug_macro   0x000000000000255d      0x11f ./Core/Src/hancode.o
 .debug_macro   0x000000000000267c     0xb953 ./Core/Src/hancode.o
 .debug_macro   0x000000000000dfcf       0x6d ./Core/Src/hancode.o
 .debug_macro   0x000000000000e03c     0x368c ./Core/Src/hancode.o
 .debug_macro   0x00000000000116c8      0x174 ./Core/Src/hancode.o
 .debug_macro   0x000000000001183c       0x5c ./Core/Src/hancode.o
 .debug_macro   0x0000000000011898      0x45c ./Core/Src/hancode.o
 .debug_macro   0x0000000000011cf4      0x9e9 ./Core/Src/hancode.o
 .debug_macro   0x00000000000126dd      0x115 ./Core/Src/hancode.o
 .debug_macro   0x00000000000127f2      0x11b ./Core/Src/hancode.o
 .debug_macro   0x000000000001290d       0xa5 ./Core/Src/hancode.o
 .debug_macro   0x00000000000129b2      0x15f ./Core/Src/hancode.o
 .debug_macro   0x0000000000012b11      0x287 ./Core/Src/hancode.o
 .debug_macro   0x0000000000012d98       0x5f ./Core/Src/hancode.o
 .debug_macro   0x0000000000012df7      0x236 ./Core/Src/hancode.o
 .debug_macro   0x000000000001302d      0x9e1 ./Core/Src/hancode.o
 .debug_macro   0x0000000000013a0e      0x38b ./Core/Src/hancode.o
 .debug_macro   0x0000000000013d99      0x17d ./Core/Src/hancode.o
 .debug_macro   0x0000000000013f16       0xf9 ./Core/Src/hancode.o
 .debug_macro   0x000000000001400f      0x132 ./Core/Src/hancode.o
 .debug_macro   0x0000000000014141      0x264 ./Core/Src/hancode.o
 .debug_macro   0x00000000000143a5       0x2e ./Core/Src/hancode.o
 .debug_macro   0x00000000000143d3      0x1b5 ./Core/Src/hancode.o
 .debug_macro   0x0000000000014588       0x22 ./Core/Src/hancode.o
 .debug_macro   0x00000000000145aa       0xd6 ./Core/Src/hancode.o
 .debug_macro   0x0000000000014680      0x127 ./Core/Src/hancode.o
 .debug_macro   0x00000000000147a7       0x85 ./Core/Src/hancode.o
 .debug_macro   0x000000000001482c       0x89 ./Core/Src/hancode.o
 .debug_macro   0x00000000000148b5      0x2aa ./Core/Src/hancode.o
 .debug_macro   0x0000000000014b5f      0x126 ./Core/Src/hancode.o
 .debug_macro   0x0000000000014c85       0x22 ./Core/Src/hancode.o
 .debug_macro   0x0000000000014ca7       0x10 ./Core/Src/hancode.o
 .debug_macro   0x0000000000014cb7      0x283 ./Core/Src/hangul.o
 .debug_macro   0x0000000000014f3a       0x61 ./Core/Src/hangul.o
 .debug_macro   0x0000000000014f9b       0x2a ./Core/Src/hangul.o
 .debug_macro   0x0000000000014fc5       0x43 ./Core/Src/hangul.o
 .debug_macro   0x0000000000015008       0x34 ./Core/Src/hangul.o
 .debug_macro   0x000000000001503c       0x3a ./Core/Src/hangul.o
 .debug_macro   0x0000000000015076       0x40 ./Core/Src/hangul.o
 .debug_macro   0x00000000000150b6      0x29b ./Core/Src/main.o
 .debug_macro   0x0000000000015351      0x37a ./Core/Src/ssd1306.o
 .debug_macro   0x00000000000156cb       0x5b ./Core/Src/ssd1306.o
 .debug_macro   0x0000000000015726       0x94 ./Core/Src/ssd1306.o
 .debug_macro   0x00000000000157ba       0x28 ./Core/Src/ssd1306.o
 .debug_macro   0x00000000000157e2       0x57 ./Core/Src/ssd1306.o
 .debug_macro   0x0000000000015839       0x16 ./Core/Src/ssd1306.o
 .debug_macro   0x000000000001584f       0x43 ./Core/Src/ssd1306.o
 .debug_macro   0x0000000000015892       0x34 ./Core/Src/ssd1306.o
 .debug_macro   0x00000000000158c6       0x10 ./Core/Src/ssd1306.o
 .debug_macro   0x00000000000158d6       0x58 ./Core/Src/ssd1306.o
 .debug_macro   0x000000000001592e       0x8e ./Core/Src/ssd1306.o
 .debug_macro   0x00000000000159bc       0x1c ./Core/Src/ssd1306.o
 .debug_macro   0x00000000000159d8      0x177 ./Core/Src/ssd1306.o
 .debug_macro   0x0000000000015b4f      0x369 ./Core/Src/ssd1306.o
 .debug_macro   0x0000000000015eb8      0x19b ./Core/Src/ssd1306.o
 .debug_macro   0x0000000000016053       0x16 ./Core/Src/ssd1306.o
 .debug_macro   0x0000000000016069       0x35 ./Core/Src/ssd1306.o
 .debug_macro   0x000000000001609e       0x16 ./Core/Src/ssd1306.o
 .debug_macro   0x00000000000160b4       0x29 ./Core/Src/ssd1306.o
 .debug_macro   0x00000000000160dd       0x16 ./Core/Src/ssd1306.o
 .debug_macro   0x00000000000160f3       0x20 ./Core/Src/ssd1306.o
 .debug_macro   0x0000000000016113       0x76 ./Core/Src/ssd1306_fonts.o
 .debug_macro   0x0000000000016189      0x213 ./Core/Src/stm32f4xx_hal_msp.o
 .debug_macro   0x000000000001639c      0x21d ./Core/Src/stm32f4xx_it.o
 .debug_macro   0x00000000000165b9      0x1fb ./Core/Src/system_stm32f4xx.o
 .debug_macro   0x00000000000167b4      0x2fb ./Core/Src/uart.o
 .debug_macro   0x0000000000016aaf       0x16 ./Core/Src/uart.o
 .debug_macro   0x0000000000016ac5       0x16 ./Core/Src/uart.o
 .debug_macro   0x0000000000016adb      0x25b ./Drivers/STM32F4xx_HAL_Driver/Src/stm32f4xx_hal.o
 .debug_macro   0x0000000000016d36      0x1fc ./Drivers/STM32F4xx_HAL_Driver/Src/stm32f4xx_hal_adc.o
 .debug_macro   0x0000000000016f32      0x1fb ./Drivers/STM32F4xx_HAL_Driver/Src/stm32f4xx_hal_cortex.o
 .debug_macro   0x000000000001712d      0x201 ./Drivers/STM32F4xx_HAL_Driver/Src/stm32f4xx_hal_dma.o
 .debug_macro   0x000000000001732e      0x201 ./Drivers/STM32F4xx_HAL_Driver/Src/stm32f4xx_hal_gpio.o
 .debug_macro   0x000000000001752f      0x249 ./Drivers/STM32F4xx_HAL_Driver/Src/stm32f4xx_hal_i2c.o
 .debug_macro   0x0000000000017778      0x21f ./Drivers/STM32F4xx_HAL_Driver/Src/stm32f4xx_hal_rcc.o
 .debug_macro   0x0000000000017997      0x1fc ./Drivers/STM32F4xx_HAL_Driver/Src/stm32f4xx_hal_uart.o

.debug_line     0x0000000000000000    0x11490
 .debug_line    0x0000000000000000      0xb82 ./Core/Src/hancode.o
 .debug_line    0x0000000000000b82      0xee5 ./Core/Src/hangul.o
 .debug_line    0x0000000000001a67      0xb4a ./Core/Src/main.o
 .debug_line    0x00000000000025b1      0xfdb ./Core/Src/ssd1306.o
 .debug_line    0x000000000000358c      0x434 ./Core/Src/ssd1306_fonts.o
 .debug_line    0x00000000000039c0      0x8af ./Core/Src/stm32f4xx_hal_msp.o
 .debug_line    0x000000000000426f      0x895 ./Core/Src/stm32f4xx_it.o
 .debug_line    0x0000000000004b04      0x817 ./Core/Src/system_stm32f4xx.o
 .debug_line    0x000000000000531b      0x95b ./Core/Src/uart.o
 .debug_line    0x0000000000005c76       0x7a ./Core/Startup/startup_stm32f411retx.o
 .debug_line    0x0000000000005cf0      0xa7d ./Drivers/STM32F4xx_HAL_Driver/Src/stm32f4xx_hal.o
 .debug_line    0x000000000000676d     0x1237 ./Drivers/STM32F4xx_HAL_Driver/Src/stm32f4xx_hal_adc.o
 .debug_line    0x00000000000079a4      0xd49 ./Drivers/STM32F4xx_HAL_Driver/Src/stm32f4xx_hal_cortex.o
 .debug_line    0x00000000000086ed      0xfe1 ./Drivers/STM32F4xx_HAL_Driver/Src/stm32f4xx_hal_dma.o
 .debug_line    0x00000000000096ce      0xbb5 ./Drivers/STM32F4xx_HAL_Driver/Src/stm32f4xx_hal_gpio.o
 .debug_line    0x000000000000a283     0x3adf ./Drivers/STM32F4xx_HAL_Driver/Src/stm32f4xx_hal_i2c.o
 .debug_line    0x000000000000dd62      0xdf4 ./Drivers/STM32F4xx_HAL_Driver/Src/stm32f4xx_hal_rcc.o
 .debug_line    0x000000000000eb56     0x293a ./Drivers/STM32F4xx_HAL_Driver/Src/stm32f4xx_hal_uart.o

.debug_str      0x0000000000000000    0x94dc6
 .debug_str     0x0000000000000000    0x8ce1f ./Core/Src/hancode.o
                                      0x8d08d (size before relaxing)
 .debug_str     0x000000000008ce1f      0x649 ./Core/Src/hangul.o
                                      0x8d665 (size before relaxing)
 .debug_str     0x000000000008d468     0x1133 ./Core/Src/main.o
                                      0x8e777 (size before relaxing)
 .debug_str     0x000000000008e59b     0x3b62 ./Core/Src/ssd1306.o
                                      0x91722 (size before relaxing)
 .debug_str     0x00000000000920fd       0x61 ./Core/Src/ssd1306_fonts.o
                                       0x3e3e (size before relaxing)
 .debug_str     0x000000000009215e       0xe4 ./Core/Src/stm32f4xx_hal_msp.o
                                      0x8deaf (size before relaxing)
 .debug_str     0x0000000000092242      0x11a ./Core/Src/stm32f4xx_it.o
                                      0x8d557 (size before relaxing)
 .debug_str     0x000000000009235c       0xdb ./Core/Src/system_stm32f4xx.o
                                      0x8d135 (size before relaxing)
 .debug_str     0x0000000000092437      0x6ef ./Core/Src/uart.o
                                      0x90c5c (size before relaxing)
 .debug_str     0x0000000000092b26       0x34 ./Core/Startup/startup_stm32f411retx.o
                                         0x52 (size before relaxing)
 .debug_str     0x0000000000092b5a      0x60d ./Drivers/STM32F4xx_HAL_Driver/Src/stm32f4xx_hal.o
                                      0x8db61 (size before relaxing)
 .debug_str     0x0000000000093167      0x2b4 ./Drivers/STM32F4xx_HAL_Driver/Src/stm32f4xx_hal_adc.o
                                      0x8d710 (size before relaxing)
 .debug_str     0x000000000009341b      0x329 ./Drivers/STM32F4xx_HAL_Driver/Src/stm32f4xx_hal_cortex.o
                                      0x8d899 (size before relaxing)
 .debug_str     0x0000000000093744      0x2cf ./Drivers/STM32F4xx_HAL_Driver/Src/stm32f4xx_hal_dma.o
                                      0x8d53d (size before relaxing)
 .debug_str     0x0000000000093a13      0x121 ./Drivers/STM32F4xx_HAL_Driver/Src/stm32f4xx_hal_gpio.o
                                      0x8d2b0 (size before relaxing)
 .debug_str     0x0000000000093b34      0xaca ./Drivers/STM32F4xx_HAL_Driver/Src/stm32f4xx_hal_i2c.o
                                      0x8e146 (size before relaxing)
 .debug_str     0x00000000000945fe      0x213 ./Drivers/STM32F4xx_HAL_Driver/Src/stm32f4xx_hal_rcc.o
                                      0x8d569 (size before relaxing)
 .debug_str     0x0000000000094811      0x5b5 ./Drivers/STM32F4xx_HAL_Driver/Src/stm32f4xx_hal_uart.o
                                      0x8db38 (size before relaxing)

.debug_frame    0x0000000000000000     0x3374
 .debug_frame   0x0000000000000000       0xdc ./Core/Src/hancode.o
 .debug_frame   0x00000000000000dc      0x13c ./Core/Src/hangul.o
 .debug_frame   0x0000000000000218      0x1c4 ./Core/Src/main.o
 .debug_frame   0x00000000000003dc      0x3ec ./Core/Src/ssd1306.o
 .debug_frame   0x00000000000007c8      0x110 ./Core/Src/stm32f4xx_hal_msp.o
 .debug_frame   0x00000000000008d8      0x13c ./Core/Src/stm32f4xx_it.o
 .debug_frame   0x0000000000000a14       0x58 ./Core/Src/system_stm32f4xx.o
 .debug_frame   0x0000000000000a6c       0xa4 ./Core/Src/uart.o
 .debug_frame   0x0000000000000b10      0x374 ./Drivers/STM32F4xx_HAL_Driver/Src/stm32f4xx_hal.o
 .debug_frame   0x0000000000000e84      0x3fc ./Drivers/STM32F4xx_HAL_Driver/Src/stm32f4xx_hal_adc.o
 .debug_frame   0x0000000000001280      0x4b8 ./Drivers/STM32F4xx_HAL_Driver/Src/stm32f4xx_hal_cortex.o
 .debug_frame   0x0000000000001738      0x250 ./Drivers/STM32F4xx_HAL_Driver/Src/stm32f4xx_hal_dma.o
 .debug_frame   0x0000000000001988      0x14c ./Drivers/STM32F4xx_HAL_Driver/Src/stm32f4xx_hal_gpio.o
 .debug_frame   0x0000000000001ad4      0xc84 ./Drivers/STM32F4xx_HAL_Driver/Src/stm32f4xx_hal_i2c.o
 .debug_frame   0x0000000000002758      0x1f4 ./Drivers/STM32F4xx_HAL_Driver/Src/stm32f4xx_hal_rcc.o
 .debug_frame   0x000000000000294c      0x954 ./Drivers/STM32F4xx_HAL_Driver/Src/stm32f4xx_hal_uart.o
 .debug_frame   0x00000000000032a0       0x20 C:/ST/STM32CubeIDE_1.14.0/STM32CubeIDE/plugins/com.st.stm32cube.ide.mcu.externaltools.gnu-tools-for-stm32.11.3.rel1.win32_1.1.100.202309141235/tools/bin/../lib/gcc/arm-none-eabi/11.3.1/../../../../arm-none-eabi/lib/thumb/v7e-m+fp/hard\libc_nano.a(libc_a-memset.o)
 .debug_frame   0x00000000000032c0       0x2c C:/ST/STM32CubeIDE_1.14.0/STM32CubeIDE/plugins/com.st.stm32cube.ide.mcu.externaltools.gnu-tools-for-stm32.11.3.rel1.win32_1.1.100.202309141235/tools/bin/../lib/gcc/arm-none-eabi/11.3.1/../../../../arm-none-eabi/lib/thumb/v7e-m+fp/hard\libc_nano.a(libc_a-init.o)
 .debug_frame   0x00000000000032ec       0x28 C:/ST/STM32CubeIDE_1.14.0/STM32CubeIDE/plugins/com.st.stm32cube.ide.mcu.externaltools.gnu-tools-for-stm32.11.3.rel1.win32_1.1.100.202309141235/tools/bin/../lib/gcc/arm-none-eabi/11.3.1/../../../../arm-none-eabi/lib/thumb/v7e-m+fp/hard\libc_nano.a(libc_a-memcpy-stub.o)
 .debug_frame   0x0000000000003314       0x2c C:/ST/STM32CubeIDE_1.14.0/STM32CubeIDE/plugins/com.st.stm32cube.ide.mcu.externaltools.gnu-tools-for-stm32.11.3.rel1.win32_1.1.100.202309141235/tools/bin/../lib/gcc/arm-none-eabi/11.3.1/thumb/v7e-m+fp/hard\libgcc.a(_aeabi_uldivmod.o)
 .debug_frame   0x0000000000003340       0x34 C:/ST/STM32CubeIDE_1.14.0/STM32CubeIDE/plugins/com.st.stm32cube.ide.mcu.externaltools.gnu-tools-for-stm32.11.3.rel1.win32_1.1.100.202309141235/tools/bin/../lib/gcc/arm-none-eabi/11.3.1/thumb/v7e-m+fp/hard\libgcc.a(_udivmoddi4.o)

.debug_line_str
                0x0000000000000000       0x46
 .debug_line_str
                0x0000000000000000       0x46 ./Core/Startup/startup_stm32f411retx.o
                                         0x5e (size before relaxing)
